// Jest Snapshot v1, https://goo.gl/fbAQLP

exports[`NativeCircularStatus should render component 1`] = `
<View
  accessible={true}
  focusable={true}
  onClick={[Function]}
  onResponderGrant={[Function]}
  onResponderMove={[Function]}
  onResponderRelease={[Function]}
  onResponderTerminate={[Function]}
  onResponderTerminationRequest={[Function]}
  onStartShouldSetResponder={[Function]}
  style={
    Object {
      "height": 28,
      "opacity": 1,
      "position": "relative",
      "width": 28,
    }
  }
>
  <View
    style={
      Object {
        "alignItems": "center",
        "height": "100%",
        "justifyContent": "center",
        "position": "absolute",
        "width": "100%",
      }
    }
  />
  <View
    style={
      Object {
        "borderColor": "#efefef",
        "borderRadius": 14,
        "borderWidth": 2,
        "height": "100%",
        "position": "absolute",
        "width": "100%",
      }
    }
  />
  <View
    indeterminateAnimationDuration={1000}
    style={
      Array [
        Object {
          "backgroundColor": "transparent",
          "overflow": "hidden",
        },
        undefined,
      ]
    }
  >
    <RNSVGSvgView
      bbHeight={28}
      bbWidth={28}
      focusable={false}
      height={28}
      style={
        Array [
          Object {
            "backgroundColor": "transparent",
            "borderWidth": 0,
          },
          Object {
            "flex": 0,
            "height": 28,
            "width": 28,
          },
        ]
      }
      width={28}
    >
      <RNSVGGroup>
        <RNSVGPath
          d="M14 1
          A13 13 0 0 1 14 1"
          propList={
            Array [
              "stroke",
              "strokeWidth",
              "strokeLinecap",
            ]
          }
          stroke={4294650963}
          strokeLinecap={0}
          strokeWidth={2}
        />
      </RNSVGGroup>
    </RNSVGSvgView>
  </View>
</View>
`;
